%!Adobe-FontList 1.13
%Locale:0x412

%BeginFont
Handler:DirectoryHandler
FontType:Type1
FontName:NanumSquareRoundB
FamilyName:Nanum Square Round Bold
StyleName:Regular
FullName:NanumSquareRound Bold
MenuName:Nanum Square Round Bold
StyleBits:0
WritingScript:Roman
OutlineFileName:C:\Users\신지연\Desktop\정부24\Font\NanumSquareRoundB.eot
DataFormat:Plain
UsesStandardEncoding:no
isCFF:no
FileLength:1444214
FileModTime:1577906754
WeightClass:400
WidthClass:5
AngleClass:0
DesignSize:-1
%EndFont

%BeginFont
Handler:DirectoryHandler
FontType:TrueType
FontName:NanumSquareRoundB
FamilyName:NanumSquareRound
StyleName:Bold
FullName:NanumSquareRound Bold
MenuName:나눔스퀘어라운드 Bold
StyleBits:0
FamilyNameNative:나눔스퀘어라운드
StyleNameNative:Bold
FullNameNative:나눔스퀘어라운드 Bold
WritingScript:Korean
OutlineFileName:C:\Users\신지연\Desktop\정부24\Font\NanumSquareRoundB.ttf
DataFormat:sfntData
FileLength:1030948
FileModTime:1577906754
WeightClass:700
WidthClass:5
AngleClass:0
%EndFont

%BeginFont
Handler:DirectoryHandler
FontType:Invalid
OutlineFileName:C:\Users\신지연\Desktop\정부24\Font\NanumSquareRoundB.woff
FileModTime:1577906754
%EndFont

%BeginFont
Handler:DirectoryHandler
FontType:Invalid
OutlineFileName:C:\Users\신지연\Desktop\정부24\Font\NanumSquareRoundB.woff2
FileModTime:1577906754
%EndFont

%BeginFont
Handler:DirectoryHandler
FontType:Type1
FontName:NanumSquareRoundEB
FamilyName:Nanum Square Round Extra Bold
StyleName:Regular
FullName:NanumSquareRound ExtraBold
MenuName:Nanum Square Round Extra Bold
StyleBits:0
WritingScript:Roman
OutlineFileName:C:\Users\신지연\Desktop\정부24\Font\NanumSquareRoundEB.eot
DataFormat:Plain
UsesStandardEncoding:no
isCFF:no
FileLength:1413969
FileModTime:1577906754
WeightClass:400
WidthClass:5
AngleClass:0
DesignSize:-1
%EndFont

%BeginFont
Handler:DirectoryHandler
FontType:TrueType
FontName:NanumSquareRoundEB
FamilyName:NanumSquareRound
StyleName:ExtraBold
FullName:NanumSquareRound ExtraBold
MenuName:나눔스퀘어라운드 ExtraBold
StyleBits:0
FamilyNameNative:나눔스퀘어라운드
StyleNameNative:ExtraBold
FullNameNative:나눔스퀘어라운드 ExtraBold
WritingScript:Korean
OutlineFileName:C:\Users\신지연\Desktop\정부24\Font\NanumSquareRoundEB.ttf
DataFormat:sfntData
FileLength:1029388
FileModTime:1577906754
WeightClass:800
WidthClass:5
AngleClass:0
%EndFont

%BeginFont
Handler:DirectoryHandler
FontType:Invalid
OutlineFileName:C:\Users\신지연\Desktop\정부24\Font\NanumSquareRoundEB.woff
FileModTime:1577906754
%EndFont

%BeginFont
Handler:DirectoryHandler
FontType:Invalid
OutlineFileName:C:\Users\신지연\Desktop\정부24\Font\NanumSquareRoundEB.woff2
FileModTime:1577906754
%EndFont

%BeginFont
Handler:DirectoryHandler
FontType:Type1
FontName:NanumSquareRoundL
FamilyName:Nanum Square Round Light
StyleName:Regular
FullName:NanumSquareRound Light
MenuName:Nanum Square Round Light
StyleBits:0
WritingScript:Roman
OutlineFileName:C:\Users\신지연\Desktop\정부24\Font\NanumSquareRoundL.eot
DataFormat:Plain
UsesStandardEncoding:no
isCFF:no
FileLength:1402494
FileModTime:1577906754
WeightClass:400
WidthClass:5
AngleClass:0
DesignSize:-1
%EndFont

%BeginFont
Handler:DirectoryHandler
FontType:TrueType
FontName:NanumSquareRoundL
FamilyName:NanumSquareRound
StyleName:Light
FullName:NanumSquareRound Light
MenuName:나눔스퀘어라운드 Light
StyleBits:0
FamilyNameNative:나눔스퀘어라운드
StyleNameNative:Light
FullNameNative:나눔스퀘어라운드 Light
WritingScript:Korean
OutlineFileName:C:\Users\신지연\Desktop\정부24\Font\NanumSquareRoundL.ttf
DataFormat:sfntData
FileLength:1015112
FileModTime:1577906754
WeightClass:300
WidthClass:5
AngleClass:0
%EndFont

%BeginFont
Handler:DirectoryHandler
FontType:Invalid
OutlineFileName:C:\Users\신지연\Desktop\정부24\Font\NanumSquareRoundL.woff
FileModTime:1577906754
%EndFont

%BeginFont
Handler:DirectoryHandler
FontType:Invalid
OutlineFileName:C:\Users\신지연\Desktop\정부24\Font\NanumSquareRoundL.woff2
FileModTime:1577906754
%EndFont

%BeginFont
Handler:DirectoryHandler
FontType:Type1
FontName:NanumSquareRoundR
FamilyName:Nanum Square Round Regular
StyleName:Regular
FullName:NanumSquareRound Regular
MenuName:Nanum Square Round Regular
StyleBits:0
WritingScript:Roman
OutlineFileName:C:\Users\신지연\Desktop\정부24\Font\NanumSquareRoundR.eot
DataFormat:Plain
UsesStandardEncoding:no
isCFF:no
FileLength:1438880
FileModTime:1577906754
WeightClass:400
WidthClass:5
AngleClass:0
DesignSize:-1
%EndFont

%BeginFont
Handler:DirectoryHandler
FontType:TrueType
FontName:NanumSquareRoundR
FamilyName:NanumSquareRound
StyleName:Regular
FullName:NanumSquareRound Regular
MenuName:나눔스퀘어라운드 Regular
StyleBits:0
FamilyNameNative:나눔스퀘어라운드
StyleNameNative:Regular
FullNameNative:나눔스퀘어라운드 Regular
WritingScript:Korean
OutlineFileName:C:\Users\신지연\Desktop\정부24\Font\NanumSquareRoundR.ttf
DataFormat:sfntData
FileLength:1063276
FileModTime:1577906754
WeightClass:400
WidthClass:5
AngleClass:0
%EndFont

%BeginFont
Handler:DirectoryHandler
FontType:Invalid
OutlineFileName:C:\Users\신지연\Desktop\정부24\Font\NanumSquareRoundR.woff
FileModTime:1577906754
%EndFont

%BeginFont
Handler:DirectoryHandler
FontType:Invalid
OutlineFileName:C:\Users\신지연\Desktop\정부24\Font\NanumSquareRoundR.woff2
FileModTime:1577906754
%EndFont

%BeginFont
Handler:DirectoryHandler
FontType:CID
FontName:NotoSansCJKkr-Black
FamilyName:Noto Sans CJK KR
StyleName:Black
FullName:Noto Sans CJK KR Black
MenuName:Noto Sans CJK KR Black
StyleBits:0
FamilyNameNative:
StyleNameNative:Black
FullNameNative:
WritingScript:Korean
OutlineFileName:C:\Users\신지연\Desktop\정부24\Font\NotoSansKR-Black.otf
DataFormat:sfntData
isCFF:yes
FileLength:386588
FileModTime:1623219282
WeightClass:900
WidthClass:5
AngleClass:0
%EndFont

%BeginFont
Handler:DirectoryHandler
FontType:Invalid
OutlineFileName:C:\Users\신지연\Desktop\정부24\Font\NotoSansKR-Black.woff
FileModTime:1623219282
%EndFont

%BeginFont
Handler:DirectoryHandler
FontType:Invalid
OutlineFileName:C:\Users\신지연\Desktop\정부24\Font\NotoSansKR-Black.woff2
FileModTime:1623219282
%EndFont

%BeginFont
Handler:DirectoryHandler
FontType:CID
FontName:NotoSansCJKkr-Bold
FamilyName:Noto Sans CJK KR
StyleName:Bold
FullName:Noto Sans CJK KR Bold
MenuName:Noto Sans CJK KR Bold
StyleBits:0
FamilyNameNative:
StyleNameNative:Bold
FullNameNative:
WritingScript:Korean
OutlineFileName:C:\Users\신지연\Desktop\정부24\Font\NotoSansKR-Bold.otf
DataFormat:sfntData
isCFF:yes
FileLength:378644
FileModTime:1623219284
WeightClass:700
WidthClass:5
AngleClass:0
%EndFont

%BeginFont
Handler:DirectoryHandler
FontType:Invalid
OutlineFileName:C:\Users\신지연\Desktop\정부24\Font\NotoSansKR-Bold.woff
FileModTime:1623219284
%EndFont

%BeginFont
Handler:DirectoryHandler
FontType:Invalid
OutlineFileName:C:\Users\신지연\Desktop\정부24\Font\NotoSansKR-Bold.woff2
FileModTime:1623219284
%EndFont

%BeginFont
Handler:DirectoryHandler
FontType:CID
FontName:NotoSansCJKkr-Light
FamilyName:Noto Sans CJK KR
StyleName:Light
FullName:Noto Sans CJK KR Light
MenuName:Noto Sans CJK KR Light
StyleBits:0
FamilyNameNative:
StyleNameNative:Light
FullNameNative:
WritingScript:Korean
OutlineFileName:C:\Users\신지연\Desktop\정부24\Font\NotoSansKR-Light.otf
DataFormat:sfntData
isCFF:yes
FileLength:379316
FileModTime:1623219284
WeightClass:300
WidthClass:5
AngleClass:0
%EndFont

%BeginFont
Handler:DirectoryHandler
FontType:Invalid
OutlineFileName:C:\Users\신지연\Desktop\정부24\Font\NotoSansKR-Light.woff
FileModTime:1623219286
%EndFont

%BeginFont
Handler:DirectoryHandler
FontType:Invalid
OutlineFileName:C:\Users\신지연\Desktop\정부24\Font\NotoSansKR-Light.woff2
FileModTime:1623219286
%EndFont

%BeginFont
Handler:DirectoryHandler
FontType:CID
FontName:NotoSansCJKkr-Medium
FamilyName:Noto Sans CJK KR
StyleName:Medium
FullName:Noto Sans CJK KR Medium
MenuName:Noto Sans CJK KR Medium
StyleBits:0
FamilyNameNative:
StyleNameNative:Medium
FullNameNative:
WritingScript:Korean
OutlineFileName:C:\Users\신지연\Desktop\정부24\Font\NotoSansKR-Medium.otf
DataFormat:sfntData
isCFF:yes
FileLength:373156
FileModTime:1623219286
WeightClass:500
WidthClass:5
AngleClass:0
%EndFont

%BeginFont
Handler:DirectoryHandler
FontType:Invalid
OutlineFileName:C:\Users\신지연\Desktop\정부24\Font\NotoSansKR-Medium.woff
FileModTime:1623219286
%EndFont

%BeginFont
Handler:DirectoryHandler
FontType:Invalid
OutlineFileName:C:\Users\신지연\Desktop\정부24\Font\NotoSansKR-Medium.woff2
FileModTime:1623219288
%EndFont

%BeginFont
Handler:DirectoryHandler
FontType:CID
FontName:NotoSansCJKkr-Regular
FamilyName:Noto Sans CJK KR
StyleName:Regular
FullName:Noto Sans CJK KR Regular
MenuName:Noto Sans CJK KR Regular
StyleBits:0
FamilyNameNative:
StyleNameNative:Regular
FullNameNative:
WritingScript:Korean
OutlineFileName:C:\Users\신지연\Desktop\정부24\Font\NotoSansKR-Regular.otf
DataFormat:sfntData
isCFF:yes
FileLength:375252
FileModTime:1623219288
WeightClass:400
WidthClass:5
AngleClass:0
%EndFont

%BeginFont
Handler:DirectoryHandler
FontType:Invalid
OutlineFileName:C:\Users\신지연\Desktop\정부24\Font\NotoSansKR-Regular.woff
FileModTime:1623219288
%EndFont

%BeginFont
Handler:DirectoryHandler
FontType:Invalid
OutlineFileName:C:\Users\신지연\Desktop\정부24\Font\NotoSansKR-Regular.woff2
FileModTime:1623219288
%EndFont

%BeginFont
Handler:DirectoryHandler
FontType:CID
FontName:NotoSansCJKkr-Thin
FamilyName:Noto Sans CJK KR
StyleName:Thin
FullName:Noto Sans CJK KR Thin
MenuName:Noto Sans CJK KR Thin
StyleBits:0
FamilyNameNative:
StyleNameNative:Thin
FullNameNative:
WritingScript:Korean
OutlineFileName:C:\Users\신지연\Desktop\정부24\Font\NotoSansKR-Thin.otf
DataFormat:sfntData
isCFF:yes
FileLength:381964
FileModTime:1623219288
WeightClass:250
WidthClass:5
AngleClass:0
%EndFont

%BeginFont
Handler:DirectoryHandler
FontType:Invalid
OutlineFileName:C:\Users\신지연\Desktop\정부24\Font\NotoSansKR-Thin.woff
FileModTime:1623219288
%EndFont

%BeginFont
Handler:DirectoryHandler
FontType:Invalid
OutlineFileName:C:\Users\신지연\Desktop\정부24\Font\NotoSansKR-Thin.woff2
FileModTime:1623219290
%EndFont

